../Core/Src/main.c:95:5:main	24	static
../Core/Src/main.c:203:6:SystemClock_Config	88	static
../Core/Src/main.c:250:13:MX_ADC1_Init	24	static
../Core/Src/main.c:297:13:MX_I2C1_Init	8	static
../Core/Src/main.c:331:13:MX_I2C2_Init	8	static
../Core/Src/main.c:365:13:MX_TIM1_Init	32	static
../Core/Src/main.c:411:13:MX_TIM2_Init	64	static
../Core/Src/main.c:470:13:MX_TIM3_Init	48	static
../Core/Src/main.c:519:13:MX_GPIO_Init	40	static
../Core/Src/main.c:558:6:Error_Handler	4	static,ignoring_inline_asm
